// Jest Snapshot v1, https://goo.gl/fbAQLP

exports[`Test <Chain /> icon should render Chain icon correctly with default props 1`] = `
<svg
  className="chainIcon"
  height={40}
  viewBox="0 0 18 18"
  width={40}
  xmlns="http://www.w3.org/2000/svg"
>
  <title>
    Calendar Icon
  </title>
  <path
    className="chainIconPath"
    d="M12.82,1.65a.47.47,0,0,0-.46.47v.46H9.69V2.12a.46.46,0,1,0-.91,0v.46H6.22V2.12a.46.46,0,1,0-.92,0v.46H2.19a.47.47,0,0,0-.46.47V13.63a.47.47,0,0,0,.46.47H5a4.33,4.33,0,0,0,8.47,0h2.81a.46.46,0,0,0,.45-.47V3.05a.46.46,0,0,0-.45-.47h-3V2.12a.47.47,0,0,0-.46-.47Zm0,2.76a.47.47,0,0,0,.46-.47V3.52h2.54V5.43H2.65V3.52H5.3v.42a.46.46,0,1,0,.92,0V3.52H8.78v.42a.46.46,0,1,0,.91,0V3.52h2.67v.42a.47.47,0,0,0,.46.47ZM2.65,13.16V6.37H15.82v6.79H13.58v-.08A4.41,4.41,0,0,0,9.23,8.63a4.41,4.41,0,0,0-4.35,4.45s0,.06,0,.08ZM9.23,16.6a3.52,3.52,0,1,1,3.44-3.52A3.48,3.48,0,0,1,9.23,16.6Z"
    fill="currentColor"
  />
  <path
    className="chainIconPath"
    d="M9.61,13.17V10.94a.43.43,0,0,0-.41-.46.44.44,0,0,0-.41.46v2.43a.5.5,0,0,0,.12.32l.95,1.06a.38.38,0,0,0,.29.14.4.4,0,0,0,.29-.14.5.5,0,0,0,0-.65Z"
    fill="currentColor"
  />
</svg>
`;

exports[`Test <Chain /> icon should render Chain icon correctly with props 1`] = `
<svg
  className="pof"
  height={30}
  viewBox="0 0 18 18"
  width={30}
  xmlns="http://www.w3.org/2000/svg"
>
  <title>
    Calendar Icon
  </title>
  <path
    className="chainIconPath"
    d="M12.82,1.65a.47.47,0,0,0-.46.47v.46H9.69V2.12a.46.46,0,1,0-.91,0v.46H6.22V2.12a.46.46,0,1,0-.92,0v.46H2.19a.47.47,0,0,0-.46.47V13.63a.47.47,0,0,0,.46.47H5a4.33,4.33,0,0,0,8.47,0h2.81a.46.46,0,0,0,.45-.47V3.05a.46.46,0,0,0-.45-.47h-3V2.12a.47.47,0,0,0-.46-.47Zm0,2.76a.47.47,0,0,0,.46-.47V3.52h2.54V5.43H2.65V3.52H5.3v.42a.46.46,0,1,0,.92,0V3.52H8.78v.42a.46.46,0,1,0,.91,0V3.52h2.67v.42a.47.47,0,0,0,.46.47ZM2.65,13.16V6.37H15.82v6.79H13.58v-.08A4.41,4.41,0,0,0,9.23,8.63a4.41,4.41,0,0,0-4.35,4.45s0,.06,0,.08ZM9.23,16.6a3.52,3.52,0,1,1,3.44-3.52A3.48,3.48,0,0,1,9.23,16.6Z"
    fill="#a4a1a1"
  />
  <path
    className="chainIconPath"
    d="M9.61,13.17V10.94a.43.43,0,0,0-.41-.46.44.44,0,0,0-.41.46v2.43a.5.5,0,0,0,.12.32l.95,1.06a.38.38,0,0,0,.29.14.4.4,0,0,0,.29-.14.5.5,0,0,0,0-.65Z"
    fill="#a4a1a1"
  />
</svg>
`;
