// Jest Snapshot v1, https://goo.gl/fbAQLP

exports[`Test <Container /> should render Container with custom props 1`] = `
.c0 {
  z-index: 99997;
  position: absolute;
  height: 20;
  width: 20;
}

.c0:before {
  content: '';
  position: absolute;
  z-index: 99998;
  width: 100%;
  height: 100%;
  left: 0;
  top: 0;
  background-color: #fff;
  opacity: 1;
}

<div
  className="c0"
  height={20}
  opacity="1"
  width={20}
/>
`;
