// Jest Snapshot v1, https://goo.gl/fbAQLP

exports[`Test <ProofOfFundsIcon /> icon should render ProofOfFundsIcon icon correctly with default props 1`] = `
<svg
  className="proofOfFundsIcon"
  height={40}
  viewBox="0 0 41 52"
  width={40}
  xmlns="http://www.w3.org/2000/svg"
>
  <title>
    Proof of funds Icon
  </title>
  <g
    transform="translate(-950.000000, -578.000000)"
  >
    <g
      transform="translate(460.000000, 230.000000)"
    >
      <g
        transform="translate(88.000000, 312.000000)"
      >
        <g
          transform="translate(403.289534, 37.000000)"
        >
          <rect
            fill="#fff"
            height="42.8903061"
            opacity="0.300000012"
            rx="2"
            stroke="#1D3141"
            strokeWidth="2"
            width="32.0763676"
            x="0"
            y="0.315429688"
          />
          <g
            stroke="#1D3141"
            strokeWidth="2"
            transform="translate(6.212419, 6.690430)"
          >
            <path
              d="M32.0763676,7.2383236 L32.0763676,40.8971068 C32.0763676,41.9979204 31.2017666,42.8903061 30.1301239,42.8903061 L1.94624364,42.8903061 C0.871362959,42.8903061 0,41.9944811 0,40.8934137 L0,1.99689244 C0,0.894039199 0.874828097,0 1.94664688,0 L23.7876945,0 L32.0763676,7.2383236 Z"
              fill="#fff"
            />
            <polyline
              points="23.5394709 0.556890996 23.5394709 8.27998315 32.119388 8.27998315"
            />
          </g>
          <path
            d="M29.6565687,22.3837756 C27.666233,20.3413522 24.5963931,20.1769198 22.7747299,22.0289478 L19.8060935,25.0752744 L18.3555098,23.6213458 C18.0208971,23.3272915 17.5221038,23.3470619 17.2105918,23.6667264 C16.8990797,23.9863908 16.8798135,24.4982376 17.1663686,24.8416073 L18.5832177,26.2955358 L14.4338737,30.5534695 L13.0170245,29.099541 C12.6824118,28.8054867 12.1836185,28.8252571 11.8721065,29.1449215 C11.5605944,29.4645859 11.5413282,29.9764327 11.8278833,30.3198024 L13.8435199,32.3881889 L19.8819962,38.584694 C20.2166089,38.8787483 20.7154022,38.8589779 21.0269142,38.5393135 C21.3384263,38.219649 21.3576925,37.7078022 21.0711374,37.3644325 L15.6567495,31.773731 L19.8060935,27.507143 L23.2385793,31.029458 C23.5731921,31.3235123 24.0719853,31.3037419 24.3834974,30.9840775 C24.6950094,30.6644131 24.7142756,30.1525663 24.4277206,29.8091966 L20.9952348,26.2955358 L23.9638712,23.2492093 C25.3100023,22.0785181 27.3242453,22.2407838 28.4758611,23.6126915 C28.5714422,23.7107739 28.6585897,23.8117412 28.7373035,23.9155932 C29.3333978,24.6374916 29.6354488,25.567359 29.5806661,26.5118943 C29.5620382,26.7415873 29.6334678,26.9694167 29.7791193,27.1448734 C29.9247707,27.3203301 30.1326099,27.4289177 30.3565597,27.4465626 L30.4240287,27.4465626 C30.8646804,27.4480118 31.2321413,27.1011005 31.2673913,26.6503637 C31.3551699,25.2627106 30.9204474,23.8934337 30.0529492,22.8251468 C29.9095775,22.6607144 29.7830731,22.522245 29.6565687,22.3837756 Z"
            fill="#1D3141"
            fillRule="nonzero"
            transform="translate(21.451797, 29.766127) rotate(-45.000000) translate(-21.451797, -29.766127) "
          />
        </g>
      </g>
    </g>
  </g>
</svg>
`;

exports[`Test <ProofOfFundsIcon /> icon should render ProofOfFundsIcon icon correctly with props 1`] = `
<svg
  className="pof"
  height={30}
  viewBox="0 0 41 52"
  width={30}
  xmlns="http://www.w3.org/2000/svg"
>
  <title>
    Proof of funds Icon
  </title>
  <g
    transform="translate(-950.000000, -578.000000)"
  >
    <g
      transform="translate(460.000000, 230.000000)"
    >
      <g
        transform="translate(88.000000, 312.000000)"
      >
        <g
          transform="translate(403.289534, 37.000000)"
        >
          <rect
            fill="#ececec"
            height="42.8903061"
            opacity="0.300000012"
            rx="2"
            stroke="#2c4c66"
            strokeWidth="2"
            width="32.0763676"
            x="0"
            y="0.315429688"
          />
          <g
            stroke="#2c4c66"
            strokeWidth="2"
            transform="translate(6.212419, 6.690430)"
          >
            <path
              d="M32.0763676,7.2383236 L32.0763676,40.8971068 C32.0763676,41.9979204 31.2017666,42.8903061 30.1301239,42.8903061 L1.94624364,42.8903061 C0.871362959,42.8903061 0,41.9944811 0,40.8934137 L0,1.99689244 C0,0.894039199 0.874828097,0 1.94664688,0 L23.7876945,0 L32.0763676,7.2383236 Z"
              fill="#ececec"
            />
            <polyline
              points="23.5394709 0.556890996 23.5394709 8.27998315 32.119388 8.27998315"
            />
          </g>
          <path
            d="M29.6565687,22.3837756 C27.666233,20.3413522 24.5963931,20.1769198 22.7747299,22.0289478 L19.8060935,25.0752744 L18.3555098,23.6213458 C18.0208971,23.3272915 17.5221038,23.3470619 17.2105918,23.6667264 C16.8990797,23.9863908 16.8798135,24.4982376 17.1663686,24.8416073 L18.5832177,26.2955358 L14.4338737,30.5534695 L13.0170245,29.099541 C12.6824118,28.8054867 12.1836185,28.8252571 11.8721065,29.1449215 C11.5605944,29.4645859 11.5413282,29.9764327 11.8278833,30.3198024 L13.8435199,32.3881889 L19.8819962,38.584694 C20.2166089,38.8787483 20.7154022,38.8589779 21.0269142,38.5393135 C21.3384263,38.219649 21.3576925,37.7078022 21.0711374,37.3644325 L15.6567495,31.773731 L19.8060935,27.507143 L23.2385793,31.029458 C23.5731921,31.3235123 24.0719853,31.3037419 24.3834974,30.9840775 C24.6950094,30.6644131 24.7142756,30.1525663 24.4277206,29.8091966 L20.9952348,26.2955358 L23.9638712,23.2492093 C25.3100023,22.0785181 27.3242453,22.2407838 28.4758611,23.6126915 C28.5714422,23.7107739 28.6585897,23.8117412 28.7373035,23.9155932 C29.3333978,24.6374916 29.6354488,25.567359 29.5806661,26.5118943 C29.5620382,26.7415873 29.6334678,26.9694167 29.7791193,27.1448734 C29.9247707,27.3203301 30.1326099,27.4289177 30.3565597,27.4465626 L30.4240287,27.4465626 C30.8646804,27.4480118 31.2321413,27.1011005 31.2673913,26.6503637 C31.3551699,25.2627106 30.9204474,23.8934337 30.0529492,22.8251468 C29.9095775,22.6607144 29.7830731,22.522245 29.6565687,22.3837756 Z"
            fill="#2c4c66"
            fillRule="nonzero"
            transform="translate(21.451797, 29.766127) rotate(-45.000000) translate(-21.451797, -29.766127) "
          />
        </g>
      </g>
    </g>
  </g>
</svg>
`;
