// Jest Snapshot v1, https://goo.gl/fbAQLP

exports[`Test <ModalClose /> should render ModalClose correctly with required props 1`] = `
<CloseModal
  onClick={[MockFunction]}
>
  Ã—
</CloseModal>
`;
